{
    "input": {
        "dist\/foo.js": [
            [
                "fixtures\/foo.js",
                ".js",
                "foo.js",
                true,
                false
            ]
        ],
        "dist\/bar.js": [
            [
                "fixtures\/bar.js",
                ".js",
                "bar.js",
                true,
                false
            ]
        ]
    }
}